[riseatseven.com/index.html]
[riseatseven.com/fonts/SaansLight.woff2]
[riseatseven.com/fonts/SaansLight.eot]
[riseatseven.com/fonts/SaansLightd41d.eot]
[riseatseven.com/fonts/SaansLight.woff]
[riseatseven.com/fonts/SaansLight.ttf]
[riseatseven.com/fonts/SaansLight.svg]
[riseatseven.com/fonts/SaansRegular.woff2]
[riseatseven.com/fonts/SaansRegular.eot]
[riseatseven.com/fonts/SaansRegulard41d.eot]
[riseatseven.com/fonts/SaansRegular.woff]
[riseatseven.com/fonts/SaansRegular.ttf]
[riseatseven.com/fonts/SaansRegular.svg]
[riseatseven.com/fonts/SaansMedium.woff2]
[riseatseven.com/fonts/SaansMedium.eot]
[riseatseven.com/fonts/SaansMediumd41d.eot]
[riseatseven.com/fonts/SaansMedium.woff]
[riseatseven.com/fonts/SaansMedium.ttf]
[riseatseven.com/fonts/SaansMedium.svg]
[riseatseven.com/fonts/SaansSemiBold.woff2]
[riseatseven.com/fonts/SaansSemiBold.13.delayed]
[riseatseven.com/fonts/SaansSemiBoldd41d.eot]
[riseatseven.com/fonts/SaansSemiBold.woff]
[riseatseven.com/fonts/SaansSemiBold.ttf]
[riseatseven.com/fonts/SaansSemiBold.svg]
[riseatseven.com/fonts/SaansBold.woff2]
[riseatseven.com/fonts/SaansBold.eot]
[riseatseven.com/fonts/SaansBoldd41d.eot]
[riseatseven.com/fonts/SaansBold.woff]
[riseatseven.com/fonts/SaansBold.ttf]
[riseatseven.com/fonts/SaansBold.svg]
[riseatseven.com/dist/assets/index-40XXT5Af.js]
[riseatseven.com/dist/assets/index-B7tBEQq3.css]
[riseatseven.com/dist/favicons/favicon.ico]
[riseatseven.com/dist/favicons/favicon-16x16.png]
[riseatseven.com/dist/favicons/favicon-32x32.png]
[riseatseven.com/dist/favicons/favicon-48x48.png]
[riseatseven.com/dist/favicons/manifest.json]
[riseatseven.com/dist/favicons/apple-touch-icon-57x57.png]
[riseatseven.com/dist/favicons/apple-touch-icon-60x60.png]
[riseatseven.com/dist/favicons/apple-touch-icon-72x72.png]
[riseatseven.com/dist/favicons/apple-touch-icon-76x76.png]
[riseatseven.com/dist/favicons/apple-touch-icon-114x114.png]
[riseatseven.com/dist/favicons/apple-touch-icon-120x120.png]
[riseatseven.com/dist/favicons/apple-touch-icon-144x144.png]
[riseatseven.com/dist/favicons/apple-touch-icon-152x152.png]
[riseatseven.com/dist/favicons/apple-touch-icon-167x167.png]
[riseatseven.com/dist/favicons/apple-touch-icon-180x180.png]
[riseatseven.com/dist/favicons/apple-touch-icon-1024x1024.png]
[backblue.gif]
[fade.gif]
[index.html]
[riseatseven.com/dist/favicons/apple-touch-startup-image-640x1136.png]
[riseatseven.com/dist/favicons/apple-touch-startup-image-750x1334.png]
[riseatseven.com/dist/favicons/apple-touch-startup-image-828x1792.png]
[riseatseven.com/dist/favicons/apple-touch-startup-image-1125x2436.png]
[riseatseven.com/dist/favicons/apple-touch-startup-image-1242x2208.png]
[riseatseven.com/dist/favicons/apple-touch-startup-image-1242x2688.png]
[riseatseven.com/dist/favicons/apple-touch-startup-image-1536x2048.png]
[riseatseven.com/dist/favicons/apple-touch-startup-image-1668x2224.png]
[riseatseven.com/dist/favicons/apple-touch-startup-image-1668x2388.png]
[riseatseven.com/dist/favicons/apple-touch-startup-image-2048x2732.png]
[riseatseven.com/dist/favicons/apple-touch-startup-image-1620x2160.png]
[riseatseven.com/dist/favicons/apple-touch-startup-image-1136x640.png]
[riseatseven.com/dist/favicons/apple-touch-startup-image-1334x750.png]
[riseatseven.com/dist/favicons/apple-touch-startup-image-1792x828.png]
[riseatseven.com/dist/favicons/apple-touch-startup-image-2436x1125.png]
[riseatseven.com/dist/favicons/apple-touch-startup-image-2208x1242.png]
[riseatseven.com/dist/favicons/apple-touch-startup-image-2688x1242.png]
[riseatseven.com/dist/favicons/apple-touch-startup-image-2048x1536.png]
[riseatseven.com/dist/favicons/apple-touch-startup-image-2224x1668.png]
[riseatseven.com/dist/favicons/apple-touch-startup-image-2388x1668.png]
[riseatseven.com/dist/favicons/apple-touch-startup-image-2732x2048.png]
[riseatseven.com/dist/favicons/apple-touch-startup-image-2160x1620.png]
[riseatseven.com/dist/favicons/coast-228x228.png]
[riseatseven.com/dist/favicons/yandex-browser-manifest.json]
[kit.fontawesome.com/711261502f.js]
[riseatseven.com/humans.txt]
[riseatseven.com/services/index.html]
[rise-atseven.transforms.svdcdn.com/production/images/Screenshot-2025-06-23-at-23.14.498e6f.png]
[riseatseven.com/services/content-experience/index.html]
[riseatseven.com/services/onsite-seo/index.html]
[riseatseven.com/services/strategy-growth/index.html]
[rise-atseven.transforms.svdcdn.com/production/images/WhatsApp-Image-2025-06-03-at-08.34.50ce37.jpeg]
[riseatseven.com/services/social/index.html]
[rise-atseven.transforms.svdcdn.com/production/images/Screenshot-2025-06-23-at-23.16.1489b2.png]
[riseatseven.com/services/digital-pr/index.html]
[riseatseven.com/services/data-insights/index.html]
[rise-atseven.transforms.svdcdn.com/production/images/Screenshot-2025-06-23-at-22.39.35b936.png]
[riseatseven.com/meet-the-team/index.html]
[riseatseven.com/about/index.html]
[riseatseven.com/culture/index.html]
[riseatseven.com/testimonials/index.html]
[riseatseven.com/work/index.html]
[rise-atseven.transforms.svdcdn.com/production/images/data7593.jpg]
[riseatseven.com/careers/index.html]
[riseatseven.com/blog/index.html]
[rise-atseven.transforms.svdcdn.com/production/images/0B5A74878ee1.jpg]
[riseatseven.com/webinars/index.html]
[riseatseven.com/connect-with-us/index.html]
[rise-atseven.transforms.svdcdn.com/production/images/IMG_4280-23ee8.jpg]
[rise-atseven.transforms.svdcdn.com/production/images/d4df0d30-d590-4e94-9056-9491f4beacba69fe.JPG]
[rise-atseven.transforms.svdcdn.com/production/images/unnamed-6efad.jpg]
[rise-atseven.transforms.svdcdn.com/production/images/RedBull-Instagram-Post-45d490.jpg]
[rise-atseven.transforms.svdcdn.com/production/images/Screenshot-2025-07-01-at-21.36.353aa6.png]
[rise-atseven.transforms.svdcdn.com/production/images/spaseekers80c4.jpg]
[rise-atseven.transforms.svdcdn.com/production/images/Placeholder-logos/global-search-awardsd023.png]
[rise-atseven.transforms.svdcdn.com/production/images/Placeholder-logos/Mask-groupd2de.png]
[rise-atseven.transforms.svdcdn.com/production/images/Logos/Awards/White/UKSocial-Media-Awards-White28b6.png]
[rise-atseven.transforms.svdcdn.com/production/images/Pooky-Rechargable-Doorstop-Cordless-100-Straight-Empire-Pendant-Silk-Ikat-Shade-in-Black-and-Cream-Atlas-44-Single-chukka-Cord]
[rise-atseven.transforms.svdcdn.com/production/images/Logos/Awards/White/UK-Content-Awards-Whiteb72c.png]
[rise-atseven.transforms.svdcdn.com/production/images/Placeholder-logos/gogle0859.png]
[rise-atseven.transforms.svdcdn.com/production/images/Placeholder-logos/chat-gpt3f5e.png]
[rise-atseven.transforms.svdcdn.com/production/images/Placeholder-logos/tiktoka0a1.png]
[rise-atseven.transforms.svdcdn.com/production/images/Placeholder-logos/youtubedc08.png]
[rise-atseven.transforms.svdcdn.com/production/images/Logos/Social/White/pinterestff6a.png]
[rise-atseven.transforms.svdcdn.com/production/images/Logos/Social/White/giphy6574.png]
[rise-atseven.transforms.svdcdn.com/production/images/Logos/Social/White/reddit5288.png]
[rise-atseven.transforms.svdcdn.com/production/images/Logos/Client/Black/01J76SW385WN4X1CBJWJV7QSAPc800.png]
[rise-atseven.transforms.svdcdn.com/production/images/Logos/Client/Black/red-bull-logo-black3bc2.png]
[rise-atseven.transforms.svdcdn.com/production/images/Logos/Client/Black/Untitled-design7e88.png]
[rise-atseven.transforms.svdcdn.com/production/images/b2087e0cd3f699d3efc76f809ec72a85a6ab378e-1080x13505fe8.jpg]
[rise-atseven.transforms.svdcdn.com/production/images/Logos/Client/Black/sixt-1f071.jpg]
[rise-atseven.transforms.svdcdn.com/production/images/easter-breaks5d4c.jpg]
[rise-atseven.transforms.svdcdn.com/production/images/1c07c.JPG]
[rise-atseven.transforms.svdcdn.com/production/images/Screenshot-2025-06-10-at-12.13.46bcec.png]
[rise-atseven.transforms.svdcdn.com/production/images/Screenshot-2025-07-04-at-12.50.5490ae.png]
[rise-atseven.transforms.svdcdn.com/production/images/Screenshot-2025-06-23-at-14.43.56969a.png]
[rise-atseven.transforms.svdcdn.com/production/images/IMG_50793e11.JPG]
[riseatseven.com/work/sixt/index.html]
[rise-atseven.transforms.svdcdn.com/production/images/Screenshot-2025-06-23-at-22.39.353292.png]
[rise-atseven.transforms.svdcdn.com/production/images/Screenshot-2025-06-23-at-22.39.35c71e.png]
[riseatseven.com/work/parkdean-resorts-easter-breaks/index.html]
[rise-atseven.transforms.svdcdn.com/production/images/Screenshot-2025-07-01-at-20.31.184e9d.png]
[riseatseven.com/work/pooky/index.html]
[rise-atseven.transforms.svdcdn.com/production/images/Screenshot-2025-07-01-at-20.31.187e35.png]
[riseatseven.com/work/parkdean-resorts-social-search/index.html]
[riseatseven.com/work/revolution-beauty/index.html]
[rise-atseven.transforms.svdcdn.com/production/images/Screenshot-2025-06-25-at-14.37.5063e9.png]
[riseatseven.com/work/lloyds-pharmacy/index.html]
[rise-atseven.transforms.svdcdn.com/production/images/Screenshot-2025-06-25-at-14.37.50f38f.png]
[rise-atseven.transforms.svdcdn.com/production/images/Pooky-Rechargable-Doorstop-Cordless-100-Straight-Empire-Pendant-Silk-Ikat-Shade-in-Black-and-Cream-Atlas-44-Single-chukka-Cord-2]
[riseatseven.com/work/prettylittlething/index.html]
[rise-atseven.transforms.svdcdn.com/production/images/0B5A74997397.jpg]
[rise-atseven.transforms.svdcdn.com/production/images/0B5A7499cda3.jpg]
[rise-atseven.transforms.svdcdn.com/production/images/e34acc13-be9a-4862-a3bd-95aa2738aeb3949c.JPG]
[rise-atseven.transforms.svdcdn.com/production/images/e34acc13-be9a-4862-a3bd-95aa2738aeb30b8e.JPG]
[rise-atseven.transforms.svdcdn.com/production/images/Screenshot-2025-06-24-at-00.20.473188.png]
[rise-atseven.transforms.svdcdn.com/production/images/Screenshot-2025-06-24-at-00.20.476086.png]
[rise-atseven.transforms.svdcdn.com/production/images/Screenshot-2025-06-25-at-14.49.00cc4d.png]
[rise-atseven.transforms.svdcdn.com/production/images/IMG_5023abe5.jpg]
[riseatseven.com/contact/index.html]
[rise-atseven.transforms.svdcdn.com/production/images/b2087e0cd3f699d3efc76f809ec72a85a6ab378e-1080x1350d62c.jpg]
[rise-atseven.transforms.svdcdn.com/production/images/Screenshot-2025-06-23-at-23.15.190935.png]
[rise-atseven.transforms.svdcdn.com/production/images/FOS25-3380d268.jpg]
[rise-atseven.transforms.svdcdn.com/production/images/0B5A6498-25204.jpg]
[rise-atseven.transforms.svdcdn.com/production/images/blog/import/d2d0a0b4b08431640130280f7e02fc98e2ce0d1e2119.jpg]
[rise-atseven.transforms.svdcdn.com/production/images/Rise-New-Website3cb1.jpg]
[rise-atseven.transforms.svdcdn.com/production/images/blog/import/84b3917f166d7feb4c2376f78ce33ae4326569991fc0.jpg]
[rise-atseven.transforms.svdcdn.com/production/images/RedBull-4_2025-07-29-074721_vufe65de.png]
[rise-atseven.transforms.svdcdn.com/production/images/blog/import/WhatsApp-Image-2025-06-23-at-22.50.5298b1.jpg]
[riseatseven.com/blog/content-marketing-rebrand-2/index.html]
[riseatseven.com/index.html]
[player.vimeo.com/api/player.js]
[riseatseven.com/fonts/SaansLight.html]
[riseatseven.com/blog/red-bull-appoints-rise-at-seven-as-seo-agency/index.html]
[riseatseven.com/fonts/SaansLightd41d.html]
[riseatseven.com/fonts/SaansLight-2.html]
[riseatseven.com/fonts/SaansLight-3.html]
[riseatseven.com/fonts/SaansRegular.html]
[riseatseven.com/fonts/SaansRegulard41d.html]
[riseatseven.com/fonts/SaansRegular-2.html]
[riseatseven.com/fonts/SaansRegular-3.html]
[riseatseven.com/fonts/SaansMedium.html]
[riseatseven.com/fonts/SaansMediumd41d.html]
[riseatseven.com/fonts/SaansMedium-2.html]
[riseatseven.com/fonts/SaansMedium-3.html]
[riseatseven.com/fonts/SaansSemiBold.html]
[riseatseven.com/fonts/SaansSemiBoldd41d.html]
[riseatseven.com/fonts/SaansSemiBold-2.html]
[riseatseven.com/fonts/SaansSemiBold-3.html]
[riseatseven.com/fonts/SaansBold.html]
[riseatseven.com/fonts/SaansBoldd41d.html]
[riseatseven.com/fonts/SaansBold-2.html]
[riseatseven.com/fonts/SaansBold-3.html]
[riseatseven.com/privacy-policy/index.html]
[riseatseven.com/dist/assets/index-B7tBEQq3.css]
[riseatseven.com/blog/rise-at-seven-rebrand/index.html]
[riseatseven.com/terms-conditions/index.html]
[rise-atseven.transforms.svdcdn.com/production/images/IMG_50876e87.JPG]
[rise-atseven.transforms.svdcdn.com/production/images/Screenshot-2025-06-25-at-14.37.500248.png]
[rise-atseven.transforms.svdcdn.com/production/images/Screenshot-2025-07-01-at-20.31.186554.png]
[rise-atseven.transforms.svdcdn.com/production/images/Screenshot-2025-06-24-at-00.20.470394.png]
[rise-atseven.transforms.svdcdn.com/production/images/Screenshot-2025-06-23-at-22.39.35a60d.png]
[rise-atseven.transforms.svdcdn.com/production/images/0B5A74996a42.jpg]
[rise-atseven.transforms.svdcdn.com/production/images/e34acc13-be9a-4862-a3bd-95aa2738aeb36f47.JPG]
[rise-atseven.transforms.svdcdn.com/production/images/Logos/Awards/Black/UKSocial-Media-Awards-Black7b1e.png]
[rise-atseven.transforms.svdcdn.com/production/images/Logos/Awards/Black/The-Drum-Awards-Blackbbb1.png]
[rise-atseven.transforms.svdcdn.com/production/images/Logos/Awards/Black/UK-Content-Awards-Black9ee3.png]
[rise-atseven.transforms.svdcdn.com/production/images/Logos/Awards/Black/UK-Search-Awards-Black5019.png]
[rise-atseven.transforms.svdcdn.com/production/images/Logos/Awards/Black/PRmoment-Awards-2024-Blackbf73.png]
[rise-atseven.transforms.svdcdn.com/production/images/Logos/Awards/Black/International-Content-Marketing-Award-Black7998.png]
[rise-atseven.transforms.svdcdn.com/production/images/Logos/Awards/Black/Northern-Digital-Awards-Blackb0dd.png]
[rise-atseven.transforms.svdcdn.com/production/images/Logos/Awards/Black/GCA-Black27f5.png]
[rise-atseven.transforms.svdcdn.com/production/images/Logos/Awards/Black/Global-Clio-Award-Black2251.png]
[rise-atseven.transforms.svdcdn.com/production/images/Logos/Awards/Black/European-Search-Awards-Blacka447.png]
[rise-atseven.transforms.svdcdn.com/production/images/0B5A6875e49e.jpg]
[rise-atseven.transforms.svdcdn.com/production/images/methode_sundaytimes_prod_web_bin_65e3ddf6-bdc1-11e8-8d21-451ec1df6b83f859.jpg]
[rise-atseven.transforms.svdcdn.com/production/images/Screenshot-2025-06-10-at-12.13.463bb3.png]
[rise-atseven.transforms.svdcdn.com/production/images/tim-giles2c4e.jpeg]
[rise-atseven.transforms.svdcdn.com/production/images/Screenshot-2025-06-23-at-11.23.251e23.png]
[rise-atseven.transforms.svdcdn.com/production/images/fortnitee3fc.jpg]
[rise-atseven.transforms.svdcdn.com/production/images/Logos/Client/Black/matt7fd4.jpeg]
[rise-atseven.transforms.svdcdn.com/production/images/Screenshot-2025-06-23-at-14.43.569f5a.png]
[rise-atseven.transforms.svdcdn.com/production/images/antonia890c.jpeg]
[rise-atseven.transforms.svdcdn.com/production/images/iponex7861.jpg]
[rise-atseven.transforms.svdcdn.com/production/images/Logos/Client/Black/luke-just-my-lookaf05.jpg]
[rise-atseven.transforms.svdcdn.com/production/images/leading-beauty-retailer-justmylook-opens-their-3428f.jpg]
[riseatseven.com/work/game/index.html]
[rise-atseven.transforms.svdcdn.com/production/images/Harry-Lang-Image124c.png]
[rise-atseven.transforms.svdcdn.com/production/images/Kwalee-portfolio-3-1_1-transformed-10748.png]
[rise-atseven.transforms.svdcdn.com/production/images/Logos/Client/White/game-white43a9.png]
[rise-atseven.transforms.svdcdn.com/production/images/bwef_2025-07-03-153538_vocz7337.png]
[rise-atseven.transforms.svdcdn.com/production/images/Logos/Client/White/just-my-look-whitea228.png]
[rise-atseven.transforms.svdcdn.com/production/images/2103874-kwalee_yellblkonwhite_rgb_10fa3.png]
[rise-atseven.transforms.svdcdn.com/production/images/Marketing-Camp-Conference-2025-583105.JPG]
[rise-atseven.transforms.svdcdn.com/production/images/e34acc13-be9a-4862-a3bd-95aa2738aeb36eae.JPG]
[rise-atseven.transforms.svdcdn.com/production/images/Screenshot-2025-07-01-at-20.09.573644.png]
[rise-atseven.transforms.svdcdn.com/production/images/Screenshot-2025-07-01-at-21.36.46b2e7.png]
[rise-atseven.transforms.svdcdn.com/production/images/Screenshot-2025-07-01-at-20.29.364de1.png]
[rise-atseven.transforms.svdcdn.com/production/images/Facetune_30-04-2025-10-23-19e24c.JPG]
[rise-atseven.transforms.svdcdn.com/production/images/0B5A7604856f.jpg]
[rise-atseven.transforms.svdcdn.com/production/images/WhatsApp-Image-2025-06-23-at-22.50.53c79e.jpeg]
[rise-atseven.transforms.svdcdn.com/production/images/bmw8b32.jpg]
[riseatseven.com/services/index.html]
[riseatseven.com/start-a-project/index.html]
[rise-atseven.transforms.svdcdn.com/production/images/Placeholder-logos/black/Group-675e648.png]
[riseatseven.com/work/sole-supplier-squid-game/index.html]
[riseatseven.com/work/nationwide/index.html]
[rise-atseven.transforms.svdcdn.com/production/images/Placeholder-logos/black/Group-6749f75.png]
[rise-atseven.transforms.svdcdn.com/production/images/Placeholder-logos/black/Group-67390ed.png]
[rise-atseven.transforms.svdcdn.com/production/images/Placeholder-logos/black/Group-6808721.png]
[rise-atseven.transforms.svdcdn.com/production/images/Placeholder-logos/black/Group-6781d9f.png]
[rise-atseven.transforms.svdcdn.com/production/images/Placeholder-logos/black/Group-6772093.png]
[rise-atseven.transforms.svdcdn.com/production/images/Placeholder-logos/black/Group-676b32b.png]
[rise-atseven.transforms.svdcdn.com/production/images/Placeholder-logos/black/Group-6851d73.png]
[rise-atseven.transforms.svdcdn.com/production/images/Placeholder-logos/black/Group-684eb73.png]
[rise-atseven.transforms.svdcdn.com/production/images/Placeholder-logos/black/Group-6821475.png]
[rise-atseven.transforms.svdcdn.com/production/images/Placeholder-logos/black/Group-6813509.png]
[rise-atseven.transforms.svdcdn.com/production/images/Placeholder-logos/black/Group-6835d8e.png]
[rise-atseven.transforms.svdcdn.com/production/images/Screenshot-2025-07-01-at-19.41.21501a.png]
[rise-atseven.transforms.svdcdn.com/production/images/syntehtica555.jpg]
[rise-atseven.transforms.svdcdn.com/production/images/Screenshot-2025-06-24-at-16.41.50a361.png]
[rise-atseven.transforms.svdcdn.com/production/images/Screenshot-2025-07-01-at-21.36.3512f5.png]
[rise-atseven.transforms.svdcdn.com/production/images/Screenshot-2025-06-25-at-09.51.377afc.png]
[rise-atseven.transforms.svdcdn.com/production/images/unnamed-1471ae.jpg]
[rise-atseven.transforms.svdcdn.com/production/images/8873085b-2ab2-47c5-8b18-6d707af0c8c88c71.JPG]
[rise-atseven.transforms.svdcdn.com/production/images/so-cial-day1db6.jpeg]
[rise-atseven.transforms.svdcdn.com/production/images/86157da4-1575-4066-a2c3-0a964323e4479c98.JPG]
[rise-atseven.transforms.svdcdn.com/production/images/cb47767f-9c73-4773-8755-ffe40116cddc5428.JPG]
[rise-atseven.transforms.svdcdn.com/production/images/Screenshot-2025-06-23-at-23.17.11c0a9.png]
[riseatseven.com/services/strategy-growth/index.html]
[rise-atseven.transforms.svdcdn.com/production/images/Screenshot-2025-06-22-at-19.51.13af25.png]
[rise-atseven.transforms.svdcdn.com/production/images/dojo-go-product-shot-1938e.jpg]
[riseatseven.com/work/ninja/index.html]
[riseatseven.com/work/betus/index.html]
[riseatseven.com/work/dojo/index.html]
[riseatseven.com/services/onsite-seo/www.riseatseven.com/content-experience]
[rise-atseven.transforms.svdcdn.com/production/images/Logos/Client/Black/shark-blackf08f.png]
[rise-atseven.transforms.svdcdn.com/production/images/Logos/Client/Black/bionic-blackb624.png]
[rise-atseven.transforms.svdcdn.com/production/images/Logos/Client/Black/travel-republic-black9825.png]
[rise-atseven.transforms.svdcdn.com/production/images/Screenshot-2025-07-01-at-20.13.0148f5.png]
[rise-atseven.transforms.svdcdn.com/production/images/2a453202-506e-43e8-ab97-31a4ffe5a2c781d1.JPG]
[rise-atseven.transforms.svdcdn.com/production/images/Screenshot-2025-06-25-at-09.18.404915.png]
[riseatseven.com/services/onsite-seo/riseatseven.com/digital-pr]
[rise-atseven.transforms.svdcdn.com/production/images/unnamed-62400.png]
[rise-atseven.transforms.svdcdn.com/production/images/Screenshot-2025-07-01-at-19.46.135fb5.png]
[rise-atseven.transforms.svdcdn.com/production/images/Screenshot-2025-06-25-at-14.42.119725.png]
[rise-atseven.transforms.svdcdn.com/production/images/e54253cf-74a6-4d13-9b5c-2c5860066b52-2a24a.JPG]
[rise-atseven.transforms.svdcdn.com/production/images/IMG_7054d20e.jpg]
[rise-atseven.transforms.svdcdn.com/production/images/IMG_5073a2df.jpg]
[riseatseven.com/services/onsite-seo/riseatseven.com/content-experience]
[rise-atseven.transforms.svdcdn.com/production/images/Butterfy-3ffect-X-Semrush-X-SXSW-1670a41.jpg]
[rise-atseven.transforms.svdcdn.com/production/images/FOS25-3380f082.jpg]
[rise-atseven.transforms.svdcdn.com/production/images/Copy-of-Lakes_Wednesday-171e63a.jpg]
[riseatseven.com/services/onsite-seo/riseatseven.com/work/parkdean-resorts-easter-breaks]
[riseatseven.com/services/onsite-seo/riseatseven.com/work/revolution-beauty]
[riseatseven.com/services/onsite-seo/index.html]
[rise-atseven.transforms.svdcdn.com/production/images/Kitchens-Review-InSinkErator-Evolution-Plus-1000-SR-is-now-available-770x513-17665.jpg]
[riseatseven.com/work/insinkerator/index.html]
[rise-atseven.transforms.svdcdn.com/production/images/IMG_43583f07.jpg]
[rise-atseven.transforms.svdcdn.com/production/images/Screenshot-2025-06-25-at-14.37.50879b.png]
[rise-atseven.transforms.svdcdn.com/production/images/globe7249.jpg]
[rise-atseven.transforms.svdcdn.com/production/images/Screenshot-2025-06-23-at-23.14.57b285.png]
[rise-atseven.transforms.svdcdn.com/production/images/Screenshot-2025-06-23-at-23.16.028a07.png]
[rise-atseven.transforms.svdcdn.com/production/images/0B5A6875879f.jpg]
[rise-atseven.transforms.svdcdn.com/production/images/2a453202-506e-43e8-ab97-31a4ffe5a2c7-18c5f.jpg]
[rise-atseven.transforms.svdcdn.com/production/images/Screenshot-2025-06-23-at-23.14.57a5c6.png]
[riseatseven.com/services/content-experience/index.html]
[riseatseven.com/work/onsite-seo/index.html]
[rise-atseven.transforms.svdcdn.com/production/images/5f1c20120347987.60b0063f6a6c1c98e.jpg]
[riseatseven.com/work/superside/index.html]
[rise-atseven.transforms.svdcdn.com/production/images/Logos/Client/Black/Taylor-Hart-Haribo-Engagement-Ring-Ad-Landscape-878d1ad.jpg]
[riseatseven.com/services/rise-studio/index.html]
[riseatseven.com/work/playstation/index.html]
[riseatseven.com/work/haribo-ring/index.html]
[rise-atseven.transforms.svdcdn.com/production/images/Logos/Client/Black/Hedgehog-SOS5a10.jpg]
[rise-atseven.transforms.svdcdn.com/production/images/573897-BET_US_RatRoster_Thumbnail-copy-1-c4375a-large-173800366709bb.jpg]
[rise-atseven.transforms.svdcdn.com/production/images/Screenshot-2025-07-04-at-12.54.218850.png]
[rise-atseven.transforms.svdcdn.com/production/images/d3e9ed31da1c98487d205718d513e4747fa5.jpg]
[rise-atseven.transforms.svdcdn.com/production/images/game-thumb717b.png]
[riseatseven.com/work/parkdean-resorts-hedgehog/index.html]
[rise-atseven.transforms.svdcdn.com/production/images/Screenshot-2025-06-25-at-14.18.4538c6.png]
[rise-atseven.transforms.svdcdn.com/production/images/95d15cfdc2e96ea9bf87a245b052835bd03b.jpg]
[riseatseven.com/work/betus-rat-roster/index.html]
[rise-atseven.transforms.svdcdn.com/production/images/Screenshot-2025-06-25-at-14.13.037f2b.png]
[rise-atseven.transforms.svdcdn.com/production/images/Screenshot-2025-06-25-at-10.11.29d3c6.png]
[riseatseven.com/work/flo-health/index.html]
[rise-atseven.transforms.svdcdn.com/production/images/WhatsApp-Image-2025-07-01-at-14.16.01a4cf.jpeg]
[rise-atseven.transforms.svdcdn.com/production/images/IMG_0300973b.JPG]
[rise-atseven.transforms.svdcdn.com/production/images/2fb78f198c3ddcd1b586475e82b0de0f9c3afcace76b.jpg]
[riseatseven.com/services/digital-pr/riseatseven.com/connect-with-us]
[rise-atseven.transforms.svdcdn.com/production/images/ikea56c6.png]
[rise-atseven.transforms.svdcdn.com/production/images/Screenshot-2025-06-21-at-15.15.478ad4.png]
[rise-atseven.transforms.svdcdn.com/production/images/0B5A761079a2.jpg]
[riseatseven.com/services/digital-pr/index.html]
[rise-atseven.transforms.svdcdn.com/production/images/Logos/Client/Black/dermalogicaproducts-12113db694374c19984a5a0e35f8ee3b5cda.jpg]
[rise-atseven.transforms.svdcdn.com/production/images/IMG_5183dd31.jpg]
[riseatseven.com/work/dermalogica-tiktok-seo/index.html]
[rise-atseven.transforms.svdcdn.com/production/images/IMG_5178ceb3.jpg]
[riseatseven.com/work/chiquitos/index.html]
[riseatseven.com/work/interflora/index.html]
[rise-atseven.transforms.svdcdn.com/production/images/copy_0F49EC18-A28D-4E6E-8FE0-DE721EB835181dea.GIF]
[rise-atseven.transforms.svdcdn.com/production/images/sociald5950.jpeg]
[rise-atseven.transforms.svdcdn.com/production/images/48efbbe9-e3f0-46d3-8c80-4429aa699fa69adc.jpeg]
[rise-atseven.transforms.svdcdn.com/production/images/affc2f9a-d35b-44c6-be60-1b34f77131cfa2b9.jpeg]
[rise-atseven.transforms.svdcdn.com/production/images/7f597d50-ceb0-4375-8061-70d5606c94593f75.jpeg]
[rise-atseven.transforms.svdcdn.com/production/images/Facetune_11-04-2025-07-53-58ccd5.JPG]
[rise-atseven.transforms.svdcdn.com/production/images/Screenshot-2025-07-01-at-20.31.18ae72.png]
[rise-atseven.transforms.svdcdn.com/production/images/Screenshot-2025-06-23-at-14.47.5903af.png]
[rise-atseven.transforms.svdcdn.com/production/images/maxresdefault4447.jpg]
[riseatseven.com/services/social/index.html]
[riseatseven.com/blog/the-ultimate-guide-to-tiktok-seo/index.html]
[rise-atseven.transforms.svdcdn.com/production/images/Logos/Client/Black/sixt-17204.jpg]
[rise-atseven.transforms.svdcdn.com/production/images/Logos/Client/Black/game-blackb7c2.png]
[rise-atseven.transforms.svdcdn.com/production/images/Screenshot-2025-07-02-at-22.18.198770.png]
[rise-atseven.transforms.svdcdn.com/production/images/Screenshot-2025-07-02-at-22.16.2901d2.png]
[rise-atseven.transforms.svdcdn.com/production/images/Screenshot-2025-07-02-at-22.17.53a71d.png]
[rise-atseven.transforms.svdcdn.com/production/images/Screenshot-2025-07-02-at-22.17.4029b8.png]
[rise-atseven.transforms.svdcdn.com/production/images/Logos/Client/Black/Screenshot-2025-07-04-at-22.48.214bfa.png]
[rise-atseven.transforms.svdcdn.com/production/images/IMG_507930a7.JPG]
[rise-atseven.transforms.svdcdn.com/production/images/IMG_5182295f.jpg]
[rise-atseven.transforms.svdcdn.com/production/images/Steven-Lynch-1f359.png]
[rise-atseven.transforms.svdcdn.com/production/images/easter-breaks809b.jpg]
[riseatseven.com/services/data-insights/index.html]
[rise-atseven.transforms.svdcdn.com/production/images/Facetune_30-04-2025-10-23-192db5.JPG]
[rise-atseven.transforms.svdcdn.com/production/images/fc16dc4c-cd7d-4c86-9695-37e431b004fa2c9f.JPG]
[rise-atseven.transforms.svdcdn.com/production/images/0B5A7604f79b.jpg]
[rise-atseven.transforms.svdcdn.com/production/images/Copy-of-Lakes_Thursday-1-50c38.jpg]
[rise-atseven.transforms.svdcdn.com/production/images/Facetune_11-04-2025-07-53-587ead.JPG]
[rise-atseven.transforms.svdcdn.com/production/images/Facetune_30-04-2025-10-23-191769.jpg]
[rise-atseven.transforms.svdcdn.com/production/images/fc16dc4c-cd7d-4c86-9695-37e431b004fa042f.jpg]
[rise-atseven.transforms.svdcdn.com/production/images/0B5A7604b398.jpg]
[rise-atseven.transforms.svdcdn.com/production/images/Copy-of-Lakes_Thursday-1-52e82.jpg]
[rise-atseven.transforms.svdcdn.com/production/images/Facetune_11-04-2025-07-53-584247.jpg]
[rise-atseven.transforms.svdcdn.com/production/images/cb47767f-9c73-4773-8755-ffe40116cddcadfb.jpg]
[rise-atseven.transforms.svdcdn.com/production/images/D1743CD8-34AB-4E69-BDC1-AE279FEC64F8d6cc.jpg]
[rise-atseven.transforms.svdcdn.com/production/images/997eae53-4bf9-4eb4-90d6-629f0dd3226b6479.jpg]
[rise-atseven.transforms.svdcdn.com/production/images/IMG_5182cac4.jpg]
[rise-atseven.transforms.svdcdn.com/production/images/IMG_3135-262c1.jpg]
[rise-atseven.transforms.svdcdn.com/production/images/0B5A76040348.jpg]
[rise-atseven.transforms.svdcdn.com/production/images/WhatsApp-Image-2025-06-23-at-22.50.53ada1.jpeg]
[rise-atseven.transforms.svdcdn.com/production/images/wes90a4.jpeg]
[rise-atseven.transforms.svdcdn.com/production/images/WhatsApp-Image-2025-07-01-at-14.16.11a1f8.jpeg]
[rise-atseven.transforms.svdcdn.com/production/images/WhatsApp-Image-2025-06-03-at-08.34.50b1ab.jpeg]
[rise-atseven.transforms.svdcdn.com/production/images/IMG_5062e5b7.JPG]
[rise-atseven.transforms.svdcdn.com/production/images/Screenshot-2025-06-23-at-23.10.12b483.png]
[rise-atseven.transforms.svdcdn.com/production/images/NEIL0857_Agency-Hackers-Clockwork_250424_NEIL-STODDART4a4e.jpg]
[rise-atseven.transforms.svdcdn.com/production/images/1715177900565f61c.jpeg]
[rise-atseven.transforms.svdcdn.com/production/images/unnamed-145dc3.jpg]
[rise-atseven.transforms.svdcdn.com/production/images/Placeholder-logos/mark-hillea74.png]
[rise-atseven.transforms.svdcdn.com/production/images/Placeholder-logos/go-comparee859.png]
[rise-atseven.transforms.svdcdn.com/production/images/AdWeekaf71.png]
[rise-atseven.transforms.svdcdn.com/production/images/Image_20250701_141122_32987be.jpg]
[rise-atseven.transforms.svdcdn.com/production/images/CA25_Winners_1200x628-900x47114f9.jpg]
[rise-atseven.transforms.svdcdn.com/production/images/UKSM25_Trophies951d.jpg]
[rise-atseven.transforms.svdcdn.com/production/images/Image_20250701_135921_7309991.jpg]
[rise-atseven.transforms.svdcdn.com/production/images/Image_20250701_141128_845c161.jpg]
[rise-atseven.transforms.svdcdn.com/production/images/landingpage_Judges_imaged1c4.jpg]
[rise-atseven.transforms.svdcdn.com/production/images/Image_20250701_135921_5939214.jpg]
[rise-atseven.transforms.svdcdn.com/production/images/Logos/Awards/White/Adweek-Award-White7ce7.png]
[rise-atseven.transforms.svdcdn.com/production/images/Logos/Awards/White/PRmoment-Awards-2024-White204e.png]
[rise-atseven.transforms.svdcdn.com/production/images/Logos/Awards/White/Global-Clio-Award-White4508.png]
[rise-atseven.transforms.svdcdn.com/production/images/Logos/Awards/White/Northern-Digital-Awards-Whiteac2d.png]
[rise-atseven.transforms.svdcdn.com/production/images/Logos/Awards/White/The-Drum-Awards-Whiteb134.png]
[rise-atseven.transforms.svdcdn.com/production/images/Logos/Awards/White/European-Search-Awards-White46d5.png]
[rise-atseven.transforms.svdcdn.com/production/images/Logos/Awards/White/CIPR-White777e.png]
[rise-atseven.transforms.svdcdn.com/production/images/Logos/Awards/White/UK-Search-Awards-White2310.png]
[rise-atseven.transforms.svdcdn.com/production/images/Logos/Awards/White/GCA-White193b.png]
[rise-atseven.transforms.svdcdn.com/production/images/Logos/Awards/White/ECA-White9241.png]
[rise-atseven.transforms.svdcdn.com/production/images/Logos/Awards/White/International-Content-Marketing-Award-White384d.png]
[rise-atseven.transforms.svdcdn.com/production/images/IMG_517973a4.jpg]
[rise-atseven.transforms.svdcdn.com/production/images/0B5A6755abd0.jpg]
[rise-atseven.transforms.svdcdn.com/production/images/IMG_50802a0d.JPG]
[rise-atseven.transforms.svdcdn.com/production/images/workamajig9e6b.png]
[rise-atseven.transforms.svdcdn.com/production/images/mattdcc3.jpeg]
[rise-atseven.transforms.svdcdn.com/production/images/Logos/Client/White/pexels-olly-3760067efed.jpg]
[rise-atseven.transforms.svdcdn.com/production/images/workamjig-logo143b.png]
[rise-atseven.transforms.svdcdn.com/production/images/Logos/Client/White/shark-white87f9.png]
[rise-atseven.transforms.svdcdn.com/production/images/Logos/Client/White/About-Us-Logo0882.png]
[rise-atseven.transforms.svdcdn.com/production/images/2a453202-506e-43e8-ab97-31a4ffe5a2c7-150f9.jpg]
[riseatseven.com/about/index.html]
[riseatseven.com/meet-the-team/index.html]
[rise-atseven.transforms.svdcdn.com/production/images/DSC022221cad.jpg]
[rise-atseven.transforms.svdcdn.com/production/images/Copy-of-Lakes_Wednesday-220e94f.jpg]
[rise-atseven.transforms.svdcdn.com/production/images/28318600-51d6-4993-9668-19edfb1a5848a77b.JPG]
[rise-atseven.transforms.svdcdn.com/production/images/ece9a55f-36e1-4aff-a0be-183dde623a517f00.JPG]
[rise-atseven.transforms.svdcdn.com/production/images/IMG_51849b4e.jpg]
[rise-atseven.transforms.svdcdn.com/production/images/Copy-of-Lakes_Wednesday-86c0dd.jpg]
[rise-atseven.transforms.svdcdn.com/production/images/Screenshot-2025-06-23-at-23.17.11ba92.png]
[rise-atseven.transforms.svdcdn.com/production/images/Screenshot-2025-06-23-at-23.16.252b56.png]
[rise-atseven.transforms.svdcdn.com/production/images/DSC022222479.jpg]
[rise-atseven.transforms.svdcdn.com/production/images/IMG_518721b0.jpg]
[rise-atseven.transforms.svdcdn.com/production/images/f6a706be3aba243137107eeb8b4918522231b8b9c702.png]
[rise-atseven.transforms.svdcdn.com/production/images/Copy-of-Lakes_Wednesday-220db96.jpg]
[rise-atseven.transforms.svdcdn.com/production/images/Image_20250610_151500_934-10190.jpeg]
[rise-atseven.transforms.svdcdn.com/production/images/IMG_3008-1c9d8.jpg]
[rise-atseven.transforms.svdcdn.com/production/images/HEADSHOTS-1080X1080ABBIE-SMYTH-1-1ebc8.jpg]
[rise-atseven.transforms.svdcdn.com/production/images/Image_20250610_151500_934-15031.jpeg]
[rise-atseven.transforms.svdcdn.com/production/images/IMG_3008-1b5fc.jpg]
[rise-atseven.transforms.svdcdn.com/production/images/HEADSHOTS-1080X1080ABBIE-SMYTH-1-1acae.jpg]
[rise-atseven.transforms.svdcdn.com/production/images/987a2051e11c80faa2a669c0eb61c514c7cc23148a26.png]
[riseatseven.com/culture/index.html]
[rise-atseven.transforms.svdcdn.com/production/images/IMG_5178c53b.jpg]
[riseatseven.com/testimonials/index.html]
[rise-atseven.transforms.svdcdn.com/production/images/game-thumb8788.png]
[riseatseven.com/cpresources/f7dfe0ae/css/formie-theme3c0c.css]
[riseatseven.com/dynamic/form/index.html]
[rise-atseven.transforms.svdcdn.com/production/images/Screenshot-2025-07-01-at-21.36.352d55.png]
[riseatseven.com/thank-you/index.html]
[riseatseven.com/cpresources/f7dfe0ae/js/formie3c0c.js]
[riseatseven.com/work/index.html]
[riseatseven.com/cpresources/dc463bf4/htmx.min5a7c.js]
[rise-atseven.transforms.svdcdn.com/production/images/IMG_50784c01.JPG]
[rise-atseven.transforms.svdcdn.com/production/images/IMG_5180d442.jpg]
[rise-atseven.transforms.svdcdn.com/production/images/Screenshot-2025-06-23-at-23.16.25f1fe.png]
[rise-atseven.transforms.svdcdn.com/production/images/48efbbe9-e3f0-46d3-8c80-4429aa699fa60aa7.jpeg]
[rise-atseven.transforms.svdcdn.com/production/images/0B5A7487e9c2.jpg]
[rise-atseven.transforms.svdcdn.com/production/images/IMG_508683f6.JPG]
[rise-atseven.transforms.svdcdn.com/production/images/IMG_5183_2025-07-04-213417_vgps39ea.jpg]
[rise-atseven.transforms.svdcdn.com/production/images/affc2f9a-d35b-44c6-be60-1b34f77131cf333f.jpeg]
[rise-atseven.transforms.svdcdn.com/production/images/Copy-of-Lakes_Thursday-1-5984b.jpg]
[rise-atseven.transforms.svdcdn.com/production/images/IMG_51818909.jpg]
[rise-atseven.transforms.svdcdn.com/production/images/IMG_5055d222.JPG]
[rise-atseven.transforms.svdcdn.com/production/images/IMG_5074d11c.jpg]
[rise-atseven.transforms.svdcdn.com/production/images/IMG_5073cdff.jpg]
[rise-atseven.transforms.svdcdn.com/production/images/Copy-of-Lakes_Thursday-1-515ef.jpg]
[rise-atseven.transforms.svdcdn.com/production/images/IMG_518147f2.jpg]
[rise-atseven.transforms.svdcdn.com/production/images/IMG_5055f2d7.JPG]
[rise-atseven.transforms.svdcdn.com/production/images/IMG_507443bb.jpg]
[rise-atseven.transforms.svdcdn.com/production/images/Screenshot-2025-06-23-at-23.14.49f7cb.png]
[rise-atseven.transforms.svdcdn.com/production/images/Screenshot-2025-06-23-at-23.16.1419b6.png]
[rise-atseven.transforms.svdcdn.com/production/images/IMG_3135-29d7b.jpg]
[rise-atseven.transforms.svdcdn.com/production/images/D1743CD8-34AB-4E69-BDC1-AE279FEC64F8d09a.JPEG]
[rise-atseven.transforms.svdcdn.com/production/images/0B5A749926f9.jpg]
[rise-atseven.transforms.svdcdn.com/production/images/IMG_50463d4b.JPG]
[riseatseven.com/careers/index.html]
[riseatseven.com/blog/index.html]
[riseatseven.com/cpresources/dc463bf4/htmx.min1be2.js]
[rise-atseven.transforms.svdcdn.com/production/images/16885629004215694.jpeg]
[riseatseven.com/webinars/index.html]
[riseatseven.com/connect-with-us/index.html]
[rise-atseven.transforms.svdcdn.com/production/images/Logos/Client/Black/sixt-1f166.jpg]
[rise-atseven.transforms.svdcdn.com/production/images/c17b702743561e86cb3a709039bedb386061b737-2000x14820105.jpg]
[rise-atseven.transforms.svdcdn.com/production/images/c17b702743561e86cb3a709039bedb386061b737-2000x1482e6ae.jpg]
[riseatseven.com/work/sixt/index.html]
[rise-atseven.transforms.svdcdn.com/production/images/easter-breaks8809.jpg]
[rise-atseven.transforms.svdcdn.com/production/images/Screenshot-2025-06-23-at-14.32.56c29a.png]
[rise-atseven.transforms.svdcdn.com/production/images/Screenshot-2025-06-23-at-14.32.56a579.png]
[rise-atseven.transforms.svdcdn.com/production/images/Screenshot-2025-06-23-at-14.32.276897.png]
[rise-atseven.transforms.svdcdn.com/production/images/Screenshot-2025-06-23-at-14.32.274746.png]
[riseatseven.com/work/parkdean-resorts-easter-breaks/index.html]
[rise-atseven.transforms.svdcdn.com/production/images/Screenshot-2025-06-05-at-20.55.50c1dd.png]
[rise-atseven.transforms.svdcdn.com/production/images/Pooky-Rechargable-Doorstop-Cordless-100-Straight-Empire-Pendant-Silk-Ikat-Shade-in-Black-and-Cream-Atlas-44-Single-chukka-Cord-3]
[rise-atseven.transforms.svdcdn.com/production/images/Pooky-Twinky-Larger-Cordless-Wall-Light-in-Antique-Brass-120-Quarry-Cordless-Table-Lamp-in-Natural-100-with-16cm-Empire-Ruckle]
[rise-atseven.transforms.svdcdn.com/production/images/Pooky-Twinky-Larger-Cordless-Wall-Light-in-Antique-Brass-120-Quarry-Cordless-Table-Lamp-in-Natural-100-with-16cm-Empire-Ruckle-2]
[rise-atseven.transforms.svdcdn.com/production/images/Screenshot-2025-06-05-at-20.55.50b0b6.png]
[rise-atseven.transforms.svdcdn.com/production/images/IMG_4009d750.jpg]
[rise-atseven.transforms.svdcdn.com/production/images/IMG_4009d34a.jpg]
[riseatseven.com/work/pooky/index.html]
[rise-atseven.transforms.svdcdn.com/production/images/1fb59.JPG]
[rise-atseven.transforms.svdcdn.com/production/images/Screenshot-2025-07-04-at-09.05.57c7db.png]
[rise-atseven.transforms.svdcdn.com/production/images/Screenshot-2025-07-04-at-09.05.573bd4.png]
[rise-atseven.transforms.svdcdn.com/production/images/Porthcurno-Beach-Cornwall-800x416466a.jpeg]
[rise-atseven.transforms.svdcdn.com/production/images/Porthcurno-Beach-Cornwall-800x4164313.jpeg]
[rise-atseven.transforms.svdcdn.com/production/images/Shape-April-2022-HR-202_2025-06-09-150339_pauxe3fd.jpg]
[riseatseven.com/work/parkdean-resorts-social-search/index.html]
[rise-atseven.transforms.svdcdn.com/production/images/Screenshot-2025-06-10-at-12.13.46cead.png]
[rise-atseven.transforms.svdcdn.com/production/images/Screenshot-2025-06-23-at-14.38.1380c9.png]
[rise-atseven.transforms.svdcdn.com/production/images/Screenshot-2025-06-10-at-11.43.3213a4.png]
[rise-atseven.transforms.svdcdn.com/production/images/Screenshot-2025-06-10-at-11.43.1247c1.png]
[riseatseven.com/work/revolution-beauty/index.html]
[rise-atseven.transforms.svdcdn.com/production/images/Screenshot-2025-07-04-at-12.50.547f37.png]
[rise-atseven.transforms.svdcdn.com/production/images/Screenshot-2025-07-04-at-13.06.559525.png]
[rise-atseven.transforms.svdcdn.com/production/images/Screenshot-2025-07-04-at-13.06.4191f3.png]
[riseatseven.com/work/lloyds-pharmacy/index.html]
[rise-atseven.transforms.svdcdn.com/production/images/Screenshot-2025-06-23-at-14.43.56df7a.png]
[rise-atseven.transforms.svdcdn.com/production/images/Screenshot-2025-06-23-at-14.47.59fe28.png]
[rise-atseven.transforms.svdcdn.com/production/images/Screenshot-2025-06-23-at-14.46.271dd3.png]
[riseatseven.com/work/prettylittlething/index.html]
[rise-atseven.transforms.svdcdn.com/production/images/IMG_5080f2df.JPG]
[riseatseven.com/contact/index.html]
[rise-atseven.transforms.svdcdn.com/production/images/0B5A6498-25465.jpg]
[rise-atseven.transforms.svdcdn.com/production/images/generic0f06.jpg]
[riseatseven.com/blog/content-marketing-rebrand-2/index.html]
[rise-atseven.transforms.svdcdn.com/production/images/Rise-New-Websitedafd.jpg]
[riseatseven.com/blog/ai-mode-google-guide-what-your-c-suite-needs-to-know/index.html]
[riseatseven.com/blog/rise-at-seven-rebrand/index.html]
[rise-atseven.transforms.svdcdn.com/production/images/RedBull-4_2025-07-29-074721_vufe80fa.png]
[rise-atseven.transforms.svdcdn.com/production/images/6d75a.png]
[rise-atseven.transforms.svdcdn.com/production/images/rbblog_2025-07-28-164533_sngz8870.jpeg]
[rise-atseven.transforms.svdcdn.com/production/images/PHOTO-2025-07-28-18-39-086fb4.jpg]
[riseatseven.com/blog/red-bull-appoints-rise-at-seven-as-seo-agency/index.html]
[riseatseven.com/privacy-policy/index.html]
[riseatseven.com/terms-conditions/index.html]
[rise-atseven.transforms.svdcdn.com/production/images/Logos/Client/White/da4e619e488d2a39039d373f408123fc80638732-1504x830-1f565.jpg]
[rise-atseven.transforms.svdcdn.com/production/images/29e4e443-bac1-4f46-bc74-7c2c6c92b736-197bf.JPG]
[rise-atseven.transforms.svdcdn.com/production/images/29e4e443-bac1-4f46-bc74-7c2c6c92b736-16707.JPG]
[rise-atseven.transforms.svdcdn.com/production/images/Screenshot-2025-06-20-at-12.29.56ad85.png]
[rise-atseven.transforms.svdcdn.com/production/images/Screenshot-2025-06-20-at-12.29.56a963.png]
[riseatseven.com/work/game/index.html]
[riseatseven.com/start-a-project/index.html]
[rise-atseven.transforms.svdcdn.com/production/images/squid-game-26083.jpg]
[rise-atseven.transforms.svdcdn.com/production/images/squid-game-218ec.jpg]
[rise-atseven.transforms.svdcdn.com/production/images/headlines-swquidba20.jpg]
[rise-atseven.transforms.svdcdn.com/production/images/headlines-swquid43c8.jpg]
[riseatseven.com/work/sole-supplier-squid-game/index.html]
[rise-atseven.transforms.svdcdn.com/production/images/bmw57e1.jpg]
[rise-atseven.transforms.svdcdn.com/production/images/Screenshot-2025-06-28-at-22.59.161a6d.png]
[rise-atseven.transforms.svdcdn.com/production/images/Screenshot-2025-06-28-at-22.59.16dace.png]
[riseatseven.com/work/nationwide/index.html]
[rise-atseven.transforms.svdcdn.com/production/images/Screenshot-2025-06-22-at-19.51.13ebee.png]
[rise-atseven.transforms.svdcdn.com/production/images/Screenshot-2025-06-22-at-19.39.416a25.png]
[rise-atseven.transforms.svdcdn.com/production/images/Screenshot-2025-06-22-at-19.39.324c7b.png]
[rise-atseven.transforms.svdcdn.com/production/images/Screenshot-2025-06-22-at-19.39.3260e6.png]
[rise-atseven.transforms.svdcdn.com/production/images/Screenshot-2025-06-22-at-19.50.411c65.png]
[rise-atseven.transforms.svdcdn.com/production/images/Screenshot-2025-06-22-at-19.50.41ed7b.png]
[riseatseven.com/work/ninja/index.html]
[rise-atseven.transforms.svdcdn.com/production/images/live-streaming-betusa45b.png]
[rise-atseven.transforms.svdcdn.com/production/images/573897-BET_US_RatRoster_Thumbnail-copy-1-c4375a-large-1738003667f949.jpg]
[riseatseven.com/work/betus/index.html]
[rise-atseven.transforms.svdcdn.com/production/images/dojo-go-product-shot-1ec15.jpg]
[rise-atseven.transforms.svdcdn.com/production/images/Screenshot-2025-06-22-at-18.08.086ca7.png]
[rise-atseven.transforms.svdcdn.com/production/images/Screenshot-2025-06-22-at-18.08.0867d5.png]
[rise-atseven.transforms.svdcdn.com/production/images/unnamedde88.png]
[rise-atseven.transforms.svdcdn.com/production/images/filters_focal715x561_716x562f88e.jpeg]
[riseatseven.com/work/dojo/index.html]
[riseatseven.com/services/onsite-seo/www.riseatseven.com/content-experience.html]
[riseatseven.com/services/onsite-seo/riseatseven.com/digital-pr.html]
[riseatseven.com/services/onsite-seo/riseatseven.com/content-experience.html]
[riseatseven.com/services/onsite-seo/riseatseven.com/work/parkdean-resorts-easter-breaks.html]
[riseatseven.com/services/onsite-seo/riseatseven.com/work/revolution-beauty.html]
[rise-atseven.transforms.svdcdn.com/production/images/Kitchens-Review-InSinkErator-Evolution-Plus-1000-SR-is-now-available-770x513-13f54.jpg]
[rise-atseven.transforms.svdcdn.com/production/images/Video-cover-1-_something_-and-well-take-care-of-it.-1d462.jpg]
[rise-atseven.transforms.svdcdn.com/production/images/04-1080x1920-1cb0b.jpg]
[rise-atseven.transforms.svdcdn.com/production/images/jamie-article-image-00209cd.jpg]
[riseatseven.com/work/insinkerator/index.html]
[riseatseven.com/work/onsite-seo/index.html]
[riseatseven.com/services/rise-studio/index.html]
[rise-atseven.transforms.svdcdn.com/production/images/Screenshot-2025-06-28-at-22.47.28f9fe.png]
[rise-atseven.transforms.svdcdn.com/production/images/Screenshot-2025-06-28-at-22.47.280005.png]
[rise-atseven.transforms.svdcdn.com/production/images/Screenshot-2025-06-28-at-22.47.421448.png]
[rise-atseven.transforms.svdcdn.com/production/images/Screenshot-2025-06-28-at-22.47.552e66.png]
[riseatseven.com/work/superside/index.html]
[rise-atseven.transforms.svdcdn.com/production/images/5f1c20120347987.60b0063f6a6c19573.jpg]
[rise-atseven.transforms.svdcdn.com/production/images/Screenshot-2025-06-22-at-19.12.51f234.png]
[rise-atseven.transforms.svdcdn.com/production/images/Screenshot-2025-06-22-at-19.12.513665.png]
[rise-atseven.transforms.svdcdn.com/production/images/Screenshot-2025-06-22-at-19.12.40db9c.png]
[rise-atseven.transforms.svdcdn.com/production/images/Screenshot-2025-06-22-at-19.12.40d090.png]
[riseatseven.com/work/playstation/index.html]
[rise-atseven.transforms.svdcdn.com/production/images/Logos/Client/Black/Taylor-Hart-Haribo-Engagement-Ring-Ad-Landscape-878a00b.jpg]
[rise-atseven.transforms.svdcdn.com/production/images/13aecc7616fd06a86f9ce1c88675659e4d2b81fe-1504x706fdbb.jpg]
[rise-atseven.transforms.svdcdn.com/production/images/Sweet-ring-in-box-lower-frame.large355d.jpg]
[rise-atseven.transforms.svdcdn.com/production/images/32085_A20bf.jpg]
[riseatseven.com/work/haribo-ring/index.html]
[rise-atseven.transforms.svdcdn.com/production/images/Logos/Client/Black/Hedgehog-SOS89ff.jpg]
[rise-atseven.transforms.svdcdn.com/production/images/Screenshot-2025-06-21-at-15.52.0877b4.png]
[rise-atseven.transforms.svdcdn.com/production/images/Screenshot-2025-06-21-at-15.52.083e41.png]
[rise-atseven.transforms.svdcdn.com/production/images/Screenshot-2025-06-21-at-15.52.183fc9.png]
[rise-atseven.transforms.svdcdn.com/production/images/Screenshot-2025-06-21-at-15.52.18e997.png]
[riseatseven.com/work/parkdean-resorts-hedgehog/index.html]
[rise-atseven.transforms.svdcdn.com/production/images/573897-BET_US_RatRoster_Thumbnail-copy-1-c4375a-large-173800366720a0.jpg]
[rise-atseven.transforms.svdcdn.com/production/images/Screenshot-2025-01-21-at-21.09.349e6b.png]
[rise-atseven.transforms.svdcdn.com/production/images/betus-rat-roster-player-card-139e9a.jpg]
[rise-atseven.transforms.svdcdn.com/production/images/betus-rat-roster-player-card-23b383.jpg]
[riseatseven.com/work/betus-rat-roster/index.html]
[rise-atseven.transforms.svdcdn.com/production/images/Screenshot-2025-07-04-at-12.54.214621.png]
[rise-atseven.transforms.svdcdn.com/production/images/Screenshot-2025-07-04-at-12.57.495324.png]
[rise-atseven.transforms.svdcdn.com/production/images/fload93.jpg]
[riseatseven.com/work/flo-health/index.html]
[riseatseven.com/services/digital-pr/riseatseven.com/connect-with-us.html]
[rise-atseven.transforms.svdcdn.com/production/images/Logos/Client/Black/dermalogicaproducts-12113db694374c19984a5a0e35f8ee3b90d6.jpg]
[rise-atseven.transforms.svdcdn.com/production/images/maxresdefault3063.jpg]
[rise-atseven.transforms.svdcdn.com/production/images/Screenshot-2025-06-21-at-16.52.426403.png]
[rise-atseven.transforms.svdcdn.com/production/images/Screenshot-2025-06-21-at-16.52.423aef.png]
[rise-atseven.transforms.svdcdn.com/production/images/Screenshot-2025-06-21-at-16.52.4713b4.png]
[rise-atseven.transforms.svdcdn.com/production/images/Screenshot-2025-06-21-at-16.52.47c91c.png]
[riseatseven.com/work/dermalogica-tiktok-seo/index.html]
[rise-atseven.transforms.svdcdn.com/production/images/4iwdq91avhv81dc5d.jpg]
[riseatseven.com/work/chiquitos/index.html]
[rise-atseven.transforms.svdcdn.com/production/images/f6d6da87de8962aaa9bef5aa3784321fde8d0a28-727x987f467.jpg]
[rise-atseven.transforms.svdcdn.com/production/images/f6d6da87de8962aaa9bef5aa3784321fde8d0a28-727x9876472.jpg]
[rise-atseven.transforms.svdcdn.com/production/images/f66fa8c6ff88b81cd1432be6f7c456c3e42d7de1-475x512909f.png]
[rise-atseven.transforms.svdcdn.com/production/images/f66fa8c6ff88b81cd1432be6f7c456c3e42d7de1-475x512737f.png]
[riseatseven.com/work/interflora/index.html]
[rise-atseven.transforms.svdcdn.com/production/images/blog/import/c8821f038766129085c1f34285ec5ab0c80f1c37065e.png]
[rise-atseven.files.svdcdn.com/staging/images/blog/import/8b4c84e93b8d33540f717eeb37bfe4e907a1aafa.jpg]
[rise-atseven.files.svdcdn.com/staging/images/blog/import/508aa387af246b23f859b9a99a0f003f7f4aba01.jpg]
[rise-atseven.files.svdcdn.com/staging/images/blog/import/3d5d80a71e9917a0c1c3fcce1f898b14a34c4f79.jpg]
[rise-atseven.files.svdcdn.com/staging/images/blog/import/3db268e234a90439b7ed97bfbde80deb67c3b2a6.jpg]
[rise-atseven.files.svdcdn.com/staging/images/blog/import/82f0af88b3786f8b5e399294fa9f3bd64cd979d5.png]
[riseatseven.com/blog/the-three-social-platforms-skyrocketing-on-google-search/index.html]
[rise-atseven.files.svdcdn.com/staging/images/blog/import/04c79f4a94b51c3e848713ba47008fe1c32cdb36.jpg]
[rise-atseven.files.svdcdn.com/staging/images/blog/import/272e7cc837667b0700cd78c5398fda7120424b38.jpg]
[rise-atseven.files.svdcdn.com/staging/images/blog/import/da1470e73dd0ac4621b2dd9f8c348adc9f133786.jpg]
[rise-atseven.files.svdcdn.com/staging/images/blog/import/739a89d73fd55632a208eca22095b90712f4670a.jpg]
[rise-atseven.files.svdcdn.com/staging/images/blog/import/1244e349f6c14a4a617d20a0b2fd02fd1408bf94.png]
[rise-atseven.files.svdcdn.com/staging/images/blog/import/40f3c9b1beac2af9bb80d36706e88dba35a11661.png]
[rise-atseven.files.svdcdn.com/staging/images/blog/import/65bb92fcc9f4fbcc4a2e1c2329065a1411978f7b.jpg]
[rise-atseven.files.svdcdn.com/staging/images/blog/import/44f8e1503d6b11263bcf0f4fc855b61993896c42.jpg]
[rise-atseven.files.svdcdn.com/staging/images/blog/import/ac13dd2f8d537d47690799400a570b015db7d472.jpg]
[rise-atseven.files.svdcdn.com/staging/images/blog/import/c0c96f92bef715178bf997a1baaebb8bd454a6c2.jpg]
[rise-atseven.files.svdcdn.com/staging/images/blog/import/697592fe109b9933785d2f5d9909b576beda1bdf.jpg]
[rise-atseven.files.svdcdn.com/staging/images/blog/import/063d4b9db8da809579ccdb0565b67b4c64e4fcbe.jpg]
[rise-atseven.files.svdcdn.com/staging/images/blog/import/7b19e4a967466920f0bd819067d44ad03a1657c7.jpg]
[rise-atseven.files.svdcdn.com/staging/images/blog/import/cd7137f40e13900a37abbc9a8504950425647d5e.jpg]
[rise-atseven.files.svdcdn.com/staging/images/blog/import/3d8fc483d9f3046ab6d1ebfb138b7a47c844bfd1.jpg]
[rise-atseven.files.svdcdn.com/staging/images/blog/import/ff1fcd006202f5bd55e32905067a1c3143e9c4be.jpg]
[riseatseven.com/blog/the-ultimate-guide-to-tiktok-seo/index.html]
[riseatseven.com/work/parkdean-sandtone/index.html]
[riseatseven.com/blog/tiktoptimisation-maximising-tiktok-visibility/index.html]
[rise-atseven.transforms.svdcdn.com/production/images/0B5A74976117.jpg]
[riseatseven.com/thank-you/index.html]
[riseatseven.com/cpresources/f7dfe0ae/css/formie-theme3c0c.css]
[riseatseven.com/blog/international-keyword-research/index.html]
[rise-atseven.transforms.svdcdn.com/production/images/blog/import/ab7cbfdcf936a332de5b799e306cbc305361786d17c9.jpg]
[riseatseven.com/blog/rise-live-our-new-reactive-marketing-service/index.html]
[rise-atseven.files.svdcdn.com/staging/images/blog/import/903fa499f90035249947887689e6b8c3cff09cea.png]
[rise-atseven.files.svdcdn.com/staging/images/blog/import/65d60eb5525de04de3cb1f07fd7aed7bb6aacc2f.png]
[riseatseven.com/blog/what-google-knows-about-you-ai-mode/index.html]
[riseatseven.com/blog/what-is-modular-content-and-why-its-a-must-in-todays-world-of-ai-mode-search/index.html]
[rise-atseven.files.svdcdn.com/staging/images/blog/import/eb2b5a8d7a7f4553c4bfe73b678725b770f5d94d.png]
[rise-atseven.files.svdcdn.com/staging/images/blog/import/563f646fd1d53d492460fcc945a2d99800248e4b.png]
[rise-atseven.files.svdcdn.com/staging/images/blog/import/9acee1809ae9cd6e5aa3190cd5a8912dee74c403.png]
[rise-atseven.files.svdcdn.com/staging/images/blog/import/f1071ec02baa3d237a9dae024f802858e1be33b0.png]
[rise-atseven.files.svdcdn.com/staging/images/blog/import/421857cadc7968710824367d798c0a8afb4e0228.png]
[rise-atseven.files.svdcdn.com/staging/images/blog/import/60a03b4b781483e2c68882d2fd6d609f33a81219.png]
[riseatseven.com/blog/ai-mode-google-guide-what-your-c-suite-needs-to-know/index.html]
[riseatseven.com/work/driving-search-demand-through-tiktok/index.html]
[rise-atseven.transforms.svdcdn.com/production/images/blog/import/4915a21e1cb03ef2ba10f3467ebef333a1ffa2d68581.jpg]
[rise-atseven.files.svdcdn.com/staging/images/blog/import/28ee46816ee6d74df144ce670d28d3e30b760ce7.jpg]
[rise-atseven.files.svdcdn.com/staging/images/blog/import/1a344daacaa67cf567dac725cba5b1d9c5b31ebc.png]
[rise-atseven.files.svdcdn.com/staging/images/blog/import/7ba08a608f09d4793e89b2c42d6dfcec9fc0d740.png]
[rise-atseven.files.svdcdn.com/staging/images/blog/import/71e3846b008e4180ec9f2a16796cc23ddd639c83.png]
[rise-atseven.files.svdcdn.com/staging/images/blog/import/1fbc4bf4c671fa5be09f7d9b4a0c121982b3839b.png]
[rise-atseven.files.svdcdn.com/staging/images/blog/import/478ae399dc773b1ac003c03439ba83bdfc42c31c.png]
[riseatseven.com/blog/the-three-social-platforms-skyrocketing-on-google-search/index.html]
[riseatseven.com/blog/rise-at-seven-launches-into-influencer--content-creator-market-/index.html]
[rise-atseven.transforms.svdcdn.com/production/images/blog/import/98473217ae90075b5ade9073db9277c460e55290264c.jpg]
[rise-atseven.transforms.svdcdn.com/production/images/blog/import/799c8ae86633bb0d02514027050e187b4e3eccf6d748.jpg]
[rise-atseven.files.svdcdn.com/staging/images/blog/import/4dc90eb2948e819ec0ec5bc8f9026adfa2974f1e.jpg]
[rise-atseven.files.svdcdn.com/staging/images/blog/import/cbb7507d5f3142e23e7870da27a2282445bb8956.jpg]
[rise-atseven.files.svdcdn.com/staging/images/blog/import/452a19b42d96bf1b4caf663057a4599939cab38a.gif]
[riseatseven.com/blog/tiktoptimisation-maximising-tiktok-visibility/index.html]
[rise-atseven.transforms.svdcdn.com/production/images/blog/import/230f43c0eabdf6d236d4ecd2ce6b596fb503b2006272.png]
[rise-atseven.transforms.svdcdn.com/production/images/blog/import/047f35b57cf5fa024c087ff0471626e148f2457e0fd4.jpg]
[rise-atseven.files.svdcdn.com/staging/images/blog/import/c3fd8b40ab36d2a3fde2458ed9f96ae2dfc97d14.png]
[riseatseven.com/blog/international-keyword-research/index.html]
[rise-atseven.transforms.svdcdn.com/production/images/blog/import/30d8d91d408e6fbb2e55fc4fe92eb3f56bf70424c72d.jpg]
[riseatseven.com/blog/international-seo-strategy/index.html]
[rise-atseven.transforms.svdcdn.com/production/images/blog/import/391165c235abb4d6c9e08d6bf2b3334e3642b0a86873.jpg]
[rise-atseven.files.svdcdn.com/staging/images/blog/import/c071aa5530a655154a142e359b4c12c5567c2d8d.jpg]
[rise-atseven.files.svdcdn.com/staging/images/blog/import/b061e98976620029d8fdd140f73f3e73de19cf30.png]
[rise-atseven.files.svdcdn.com/staging/images/blog/import/86cd39c9d1576c6d3c109a7ba3e13164b11ebab4.jpg]
[rise-atseven.files.svdcdn.com/staging/images/blog/import/5df6fc47ac47d113b0933cf0ff161f91e5f96ce2.png]
[riseatseven.com/blog/rise-live-our-new-reactive-marketing-service/index.html]
[rise-atseven.files.svdcdn.com/staging/images/blog/import/6f0a376a89c8011980a32448836bfa87fa486c11.png]
[riseatseven.com/blog/what-google-knows-about-you-ai-mode/index.html]
[rise-atseven.transforms.svdcdn.com/production/images/blog/import/92e2851ae54ac16a6054d50979a8939555ff81fb1efb.png]
[riseatseven.com/blog/what-is-modular-content-and-why-its-a-must-in-todays-world-of-ai-mode-search/index.html]
[rise-atseven.transforms.svdcdn.com/production/images/blog/import/548c7cbd0a746c877ba9b834d690247759f177f028b6.png]
[rise-atseven.files.svdcdn.com/staging/images/blog/import/a4234a9df70a7bb059e57b0f521cc26cc0dc042d.png]
[rise-atseven.files.svdcdn.com/staging/images/blog/import/cb28b6a9b8d0e58776e43c665565c7ca840e6c10.jpg]
[riseatseven.com/blog/rise-at-seven-launches-into-influencer--content-creator-market-/index.html]
[rise-atseven.transforms.svdcdn.com/production/images/blog/import/a04867d8ca48454510e78dd22bae630e6af746ecc478.jpg]
[riseatseven.com/blog/international-seo-strategy/index.html]
[riseatseven.com/services/reactive-marketing/index.html]
[riseatseven.com/blog/new-client-alert-revolution-beauty-and-dermalogica/index.html]
[riseatseven.com/content-marketing/digital-pr/index.html]
[riseatseven.com/services/social-media/index.html]
[riseatseven.com/services/creative-content/index.html]
[riseatseven.com/blog/keyword-mapping-guide/index.html]
[riseatseven.com/services/the-rise-network/index.html]
[rise-atseven.transforms.svdcdn.com/production/images/blog/import/b2de45c4a1d442ef1de40712dae6b45ef6cb17c1bbdc.jpg]
[rise-atseven.transforms.svdcdn.com/production/images/blog/import/657b0dd4efb1f9c281e9eac34badb7753e1504c640fe.jpg]
[rise-atseven.files.svdcdn.com/staging/images/blog/import/42d5368fff025a6f9697e7b9e827bb874ac5eb25.jpg]
[riseatseven.com/blog/new-client-alert-revolution-beauty-and-dermalogica/index.html]
[riseatseven.com/services/content-creation-and-influencer/index.html]
[riseatseven.com/content-marketing/digital-pr/index.html]
[rise-atseven.transforms.svdcdn.com/production/images/blog/import/6851245c4c03ba2db376fcbd1627cfe25cc6796a9960.jpg]
[rise-atseven.files.svdcdn.com/staging/images/blog/import/40ea1a56e1c4202dbb6ebb29ab4e16826a6013f8.png]
[riseatseven.com/blog/keyword-mapping-guide/index.html]
[riseatseven.com/technical-seo/index.html]
[riseatseven.com/technical-seo/index.html]
